mode: atomic
vc/pkg/didcomm/message/attachment.go:63.39,64.42 1 4
vc/pkg/didcomm/message/attachment.go:64.42,66.3 1 1
vc/pkg/didcomm/message/attachment.go:67.2,67.12 1 3
vc/pkg/didcomm/message/attachment.go:72.49,73.25 1 3
vc/pkg/didcomm/message/attachment.go:73.25,75.3 1 1
vc/pkg/didcomm/message/attachment.go:76.2,76.24 1 2
vc/pkg/didcomm/message/attachment.go:76.24,78.3 1 1
vc/pkg/didcomm/message/attachment.go:79.2,79.27 1 1
vc/pkg/didcomm/message/attachment.go:79.27,81.3 1 1
vc/pkg/didcomm/message/attachment.go:82.2,82.56 1 0
vc/pkg/didcomm/message/attachment.go:87.53,88.25 1 0
vc/pkg/didcomm/message/attachment.go:88.25,90.3 1 0
vc/pkg/didcomm/message/attachment.go:92.2,93.16 2 0
vc/pkg/didcomm/message/attachment.go:93.16,95.17 2 0
vc/pkg/didcomm/message/attachment.go:95.17,97.4 1 0
vc/pkg/didcomm/message/attachment.go:99.2,99.18 1 0
vc/pkg/didcomm/message/attachment.go:104.43,105.24 1 1
vc/pkg/didcomm/message/attachment.go:105.24,108.17 2 1
vc/pkg/didcomm/message/attachment.go:108.17,110.4 1 0
vc/pkg/didcomm/message/attachment.go:111.3,111.33 1 1
vc/pkg/didcomm/message/attachment.go:113.2,113.25 1 0
vc/pkg/didcomm/message/attachment.go:113.25,115.17 2 0
vc/pkg/didcomm/message/attachment.go:115.17,117.4 1 0
vc/pkg/didcomm/message/attachment.go:118.3,118.33 1 0
vc/pkg/didcomm/message/attachment.go:120.2,120.45 1 0
vc/pkg/didcomm/message/attachment.go:124.43,126.18 2 4
vc/pkg/didcomm/message/attachment.go:126.18,128.3 1 0
vc/pkg/didcomm/message/attachment.go:129.2,129.20 1 4
vc/pkg/didcomm/message/attachment.go:129.20,131.3 1 1
vc/pkg/didcomm/message/attachment.go:132.2,132.19 1 4
vc/pkg/didcomm/message/attachment.go:132.19,134.3 1 1
vc/pkg/didcomm/message/attachment.go:135.2,135.22 1 4
vc/pkg/didcomm/message/attachment.go:135.22,137.3 1 1
vc/pkg/didcomm/message/attachment.go:139.2,139.16 1 4
vc/pkg/didcomm/message/attachment.go:139.16,141.3 1 1
vc/pkg/didcomm/message/attachment.go:144.2,144.12 1 3
vc/pkg/didcomm/message/attachment.go:148.79,156.2 1 2
vc/pkg/didcomm/message/attachment.go:159.56,167.2 1 3
vc/pkg/didcomm/message/attachment.go:170.94,179.2 1 2
vc/pkg/didcomm/message/message.go:73.35,77.27 2 3
vc/pkg/didcomm/message/message.go:77.27,79.3 1 14
vc/pkg/didcomm/message/message.go:80.2,80.10 1 3
vc/pkg/didcomm/message/message.go:87.31,88.26 1 1
vc/pkg/didcomm/message/message.go:88.26,90.3 1 1
vc/pkg/didcomm/message/message.go:94.34,95.26 1 3
vc/pkg/didcomm/message/message.go:95.26,97.3 1 3
vc/pkg/didcomm/message/message.go:101.35,102.26 1 2
vc/pkg/didcomm/message/message.go:102.26,104.3 1 2
vc/pkg/didcomm/message/message.go:108.34,109.26 1 3
vc/pkg/didcomm/message/message.go:109.26,111.3 1 3
vc/pkg/didcomm/message/message.go:115.39,116.26 1 2
vc/pkg/didcomm/message/message.go:116.26,118.3 1 2
vc/pkg/didcomm/message/message.go:122.46,123.26 1 0
vc/pkg/didcomm/message/message.go:123.26,125.3 1 0
vc/pkg/didcomm/message/message.go:129.32,130.26 1 3
vc/pkg/didcomm/message/message.go:130.26,132.3 1 3
vc/pkg/didcomm/message/message.go:136.42,137.26 1 0
vc/pkg/didcomm/message/message.go:137.26,140.3 2 0
vc/pkg/didcomm/message/message.go:144.42,145.26 1 0
vc/pkg/didcomm/message/message.go:145.26,148.3 2 0
vc/pkg/didcomm/message/message.go:152.55,153.26 1 0
vc/pkg/didcomm/message/message.go:153.26,155.3 1 0
vc/pkg/didcomm/message/message.go:159.39,160.26 1 0
vc/pkg/didcomm/message/message.go:160.26,162.3 1 0
vc/pkg/didcomm/message/message.go:166.47,168.2 1 0
vc/pkg/didcomm/message/message.go:171.43,174.2 2 0
vc/pkg/didcomm/message/message.go:177.40,178.19 1 0
vc/pkg/didcomm/message/message.go:178.19,180.3 1 0
vc/pkg/didcomm/message/message.go:183.2,184.16 2 0
vc/pkg/didcomm/message/message.go:184.16,186.3 1 0
vc/pkg/didcomm/message/message.go:188.2,188.48 1 0
vc/pkg/didcomm/message/message.go:188.48,190.3 1 0
vc/pkg/didcomm/message/message.go:192.2,192.12 1 0
vc/pkg/didcomm/message/message.go:197.37,198.18 1 3
vc/pkg/didcomm/message/message.go:198.18,200.3 1 1
vc/pkg/didcomm/message/message.go:201.2,201.13 1 2
vc/pkg/didcomm/message/message.go:205.36,206.26 1 7
vc/pkg/didcomm/message/message.go:206.26,208.3 1 4
vc/pkg/didcomm/message/message.go:209.2,209.43 1 3
vc/pkg/didcomm/message/message.go:214.56,221.2 1 1
vc/pkg/didcomm/message/message.go:224.36,225.16 1 7
vc/pkg/didcomm/message/message.go:225.16,227.3 1 2
vc/pkg/didcomm/message/message.go:228.2,228.18 1 5
vc/pkg/didcomm/message/message.go:228.18,230.3 1 1
vc/pkg/didcomm/message/message.go:231.2,231.19 1 4
vc/pkg/didcomm/message/message.go:231.19,233.3 1 1
vc/pkg/didcomm/message/message.go:234.2,234.34 1 3
vc/pkg/didcomm/message/message.go:234.34,235.38 1 0
vc/pkg/didcomm/message/message.go:235.38,237.4 1 0
vc/pkg/didcomm/message/message.go:239.2,239.12 1 3
vc/pkg/didcomm/message/message.go:243.49,250.18 4 2
vc/pkg/didcomm/message/message.go:250.18,252.3 1 1
vc/pkg/didcomm/message/message.go:253.2,253.19 1 2
vc/pkg/didcomm/message/message.go:253.19,255.3 1 1
vc/pkg/didcomm/message/message.go:256.2,256.18 1 2
vc/pkg/didcomm/message/message.go:256.18,258.3 1 1
vc/pkg/didcomm/message/message.go:259.2,259.19 1 2
vc/pkg/didcomm/message/message.go:259.19,261.3 1 0
vc/pkg/didcomm/message/message.go:262.2,262.26 1 2
vc/pkg/didcomm/message/message.go:262.26,264.3 1 0
vc/pkg/didcomm/message/message.go:265.2,265.26 1 2
vc/pkg/didcomm/message/message.go:265.26,267.3 1 0
vc/pkg/didcomm/message/message.go:268.2,268.19 1 2
vc/pkg/didcomm/message/message.go:268.19,270.3 1 1
vc/pkg/didcomm/message/message.go:271.2,271.28 1 2
vc/pkg/didcomm/message/message.go:271.28,273.3 1 0
vc/pkg/didcomm/message/message.go:274.2,274.23 1 2
vc/pkg/didcomm/message/message.go:274.23,276.3 1 0
vc/pkg/didcomm/message/message.go:277.2,277.26 1 2
vc/pkg/didcomm/message/message.go:277.26,279.3 1 0
vc/pkg/didcomm/message/message.go:280.2,280.20 1 2
vc/pkg/didcomm/message/message.go:280.20,282.3 1 0
vc/pkg/didcomm/message/message.go:285.2,285.36 1 2
vc/pkg/didcomm/message/message.go:285.36,286.36 1 2
vc/pkg/didcomm/message/message.go:286.36,288.4 1 2
vc/pkg/didcomm/message/message.go:291.2,291.27 1 2
vc/pkg/didcomm/message/message.go:295.52,299.52 3 4
vc/pkg/didcomm/message/message.go:299.52,301.3 1 0
vc/pkg/didcomm/message/message.go:303.2,307.51 3 4
vc/pkg/didcomm/message/message.go:307.51,309.3 1 0
vc/pkg/didcomm/message/message.go:312.2,319.24 2 4
vc/pkg/didcomm/message/message.go:319.24,320.22 1 16
vc/pkg/didcomm/message/message.go:320.22,321.30 1 2
vc/pkg/didcomm/message/message.go:321.30,323.5 1 1
vc/pkg/didcomm/message/message.go:324.4,325.50 2 2
vc/pkg/didcomm/message/message.go:325.50,327.5 1 0
vc/pkg/didcomm/message/message.go:328.4,328.28 1 2
vc/pkg/didcomm/message/message.go:332.2,332.12 1 4
vc/pkg/didcomm/message/message.go:336.43,338.48 2 4
vc/pkg/didcomm/message/message.go:338.48,340.3 1 1
vc/pkg/didcomm/message/message.go:341.2,341.37 1 3
vc/pkg/didcomm/message/message.go:341.37,343.3 1 1
vc/pkg/didcomm/message/message.go:344.2,344.15 1 2
vc/pkg/didcomm/routing/forward.go:51.78,69.2 1 6
vc/pkg/didcomm/routing/forward.go:72.88,76.2 3 0
vc/pkg/didcomm/routing/forward.go:79.55,80.29 1 2
vc/pkg/didcomm/routing/forward.go:80.29,82.3 1 0
vc/pkg/didcomm/routing/forward.go:84.2,87.26 2 2
vc/pkg/didcomm/routing/forward.go:87.26,90.3 1 2
vc/pkg/didcomm/routing/forward.go:93.2,93.27 1 0
vc/pkg/didcomm/routing/forward.go:93.27,95.3 1 0
vc/pkg/didcomm/routing/forward.go:97.2,97.73 1 0
vc/pkg/didcomm/routing/forward.go:101.48,112.19 3 4
vc/pkg/didcomm/routing/forward.go:112.19,114.3 1 4
vc/pkg/didcomm/routing/forward.go:116.2,118.12 2 4
vc/pkg/didcomm/routing/forward.go:122.59,123.36 1 5
vc/pkg/didcomm/routing/forward.go:123.36,125.3 1 1
vc/pkg/didcomm/routing/forward.go:128.2,129.9 2 4
vc/pkg/didcomm/routing/forward.go:129.9,131.3 1 0
vc/pkg/didcomm/routing/forward.go:133.2,134.23 2 4
vc/pkg/didcomm/routing/forward.go:134.23,136.3 1 1
vc/pkg/didcomm/routing/forward.go:138.2,146.8 1 3
vc/pkg/didcomm/routing/forward.go:150.58,152.16 2 2
vc/pkg/didcomm/routing/forward.go:152.16,154.3 1 0
vc/pkg/didcomm/routing/forward.go:156.2,156.26 1 2
vc/pkg/didcomm/routing/forward.go:173.83,175.2 1 0
vc/pkg/didcomm/routing/forward.go:179.129,182.16 2 1
vc/pkg/didcomm/routing/forward.go:182.16,184.3 1 0
vc/pkg/didcomm/routing/forward.go:187.2,188.16 2 1
vc/pkg/didcomm/routing/forward.go:188.16,190.3 1 0
vc/pkg/didcomm/routing/forward.go:193.2,194.16 2 1
vc/pkg/didcomm/routing/forward.go:194.16,196.3 1 0
vc/pkg/didcomm/routing/forward.go:198.2,198.38 1 1
vc/pkg/didcomm/routing/route.go:37.38,39.2 1 4
vc/pkg/didcomm/routing/route.go:42.37,43.22 1 3
vc/pkg/didcomm/routing/route.go:43.22,45.3 1 1
vc/pkg/didcomm/routing/route.go:46.2,46.24 1 2
vc/pkg/didcomm/routing/route.go:50.33,51.22 1 0
vc/pkg/didcomm/routing/route.go:51.22,53.3 1 0
vc/pkg/didcomm/routing/route.go:54.2,54.19 1 0
vc/pkg/didcomm/routing/route.go:83.62,88.2 1 3
vc/pkg/didcomm/routing/route.go:91.60,94.2 2 0
vc/pkg/didcomm/routing/route.go:98.94,100.2 1 3
vc/pkg/didcomm/routing/route.go:102.105,103.25 1 3
vc/pkg/didcomm/routing/route.go:103.25,105.3 1 0
vc/pkg/didcomm/routing/route.go:108.2,109.16 2 3
vc/pkg/didcomm/routing/route.go:109.16,117.3 1 0
vc/pkg/didcomm/routing/route.go:120.2,120.35 1 3
vc/pkg/didcomm/routing/route.go:120.35,130.3 1 1
vc/pkg/didcomm/routing/route.go:133.2,136.49 2 2
vc/pkg/didcomm/routing/route.go:136.49,139.29 2 3
vc/pkg/didcomm/routing/route.go:139.29,142.4 1 3
vc/pkg/didcomm/routing/route.go:144.3,150.13 2 3
vc/pkg/didcomm/routing/route.go:150.13,152.4 1 2
vc/pkg/didcomm/routing/route.go:154.3,154.27 1 3
vc/pkg/didcomm/routing/route.go:158.2,165.8 2 2
vc/pkg/didcomm/routing/route.go:171.121,172.27 1 2
vc/pkg/didcomm/routing/route.go:172.27,175.3 1 1
vc/pkg/didcomm/routing/route.go:178.2,182.44 2 1
vc/pkg/didcomm/routing/route.go:182.44,191.17 5 1
vc/pkg/didcomm/routing/route.go:191.17,193.4 1 0
vc/pkg/didcomm/routing/route.go:196.3,197.17 2 1
vc/pkg/didcomm/routing/route.go:197.17,199.4 1 0
vc/pkg/didcomm/routing/route.go:201.3,201.29 1 1
vc/pkg/didcomm/routing/route.go:204.2,204.28 1 1
vc/pkg/didcomm/routing/route.go:209.32,211.22 1 7
vc/pkg/didcomm/routing/route.go:211.22,212.15 1 168
vc/pkg/didcomm/routing/route.go:212.15,214.4 1 5
vc/pkg/didcomm/routing/route.go:216.2,216.14 1 2
vc/pkg/didcomm/routing/route.go:219.47,220.26 1 6
vc/pkg/didcomm/routing/route.go:220.26,221.15 1 116
vc/pkg/didcomm/routing/route.go:221.15,223.4 1 5
vc/pkg/didcomm/routing/route.go:225.2,225.14 1 1
vc/pkg/didcomm/crypto/algorithms.go:204.63,206.9 2 3
vc/pkg/didcomm/crypto/algorithms.go:206.9,211.3 1 1
vc/pkg/didcomm/crypto/algorithms.go:212.2,212.19 1 2
vc/pkg/didcomm/crypto/algorithms.go:216.71,218.9 2 20
vc/pkg/didcomm/crypto/algorithms.go:218.9,223.3 1 1
vc/pkg/didcomm/crypto/algorithms.go:224.2,224.19 1 19
vc/pkg/didcomm/crypto/algorithms.go:228.71,230.9 2 0
vc/pkg/didcomm/crypto/algorithms.go:230.9,235.3 1 0
vc/pkg/didcomm/crypto/algorithms.go:236.2,236.19 1 0
vc/pkg/didcomm/crypto/algorithms.go:240.47,242.9 2 0
vc/pkg/didcomm/crypto/algorithms.go:242.9,244.3 1 0
vc/pkg/didcomm/crypto/algorithms.go:245.2,245.71 1 0
vc/pkg/didcomm/crypto/algorithms.go:249.51,251.9 2 0
vc/pkg/didcomm/crypto/algorithms.go:251.9,253.3 1 0
vc/pkg/didcomm/crypto/algorithms.go:254.2,254.71 1 0
vc/pkg/didcomm/crypto/algorithms.go:258.51,260.9 2 0
vc/pkg/didcomm/crypto/algorithms.go:260.9,262.3 1 0
vc/pkg/didcomm/crypto/algorithms.go:263.2,263.71 1 0
vc/pkg/didcomm/crypto/algorithms.go:267.68,269.2 1 1
vc/pkg/didcomm/crypto/algorithms.go:272.68,274.2 1 1
vc/pkg/didcomm/crypto/algorithms.go:278.72,280.2 1 1
vc/pkg/didcomm/crypto/algorithms.go:283.63,285.9 2 16
vc/pkg/didcomm/crypto/algorithms.go:285.9,287.3 1 0
vc/pkg/didcomm/crypto/algorithms.go:289.2,290.57 2 16
vc/pkg/didcomm/crypto/algorithms.go:290.57,292.3 1 0
vc/pkg/didcomm/crypto/algorithms.go:294.2,294.17 1 16
vc/pkg/didcomm/crypto/ecdh1pu.go:67.110,68.25 1 13
vc/pkg/didcomm/crypto/ecdh1pu.go:68.25,70.3 1 0
vc/pkg/didcomm/crypto/ecdh1pu.go:72.2,77.8 1 13
vc/pkg/didcomm/crypto/ecdh1pu.go:81.51,83.45 2 14
vc/pkg/didcomm/crypto/ecdh1pu.go:83.45,85.3 1 0
vc/pkg/didcomm/crypto/ecdh1pu.go:86.2,86.26 1 14
vc/pkg/didcomm/crypto/ecdh1pu.go:91.60,94.16 2 2
vc/pkg/didcomm/crypto/ecdh1pu.go:94.16,96.3 1 0
vc/pkg/didcomm/crypto/ecdh1pu.go:99.2,100.16 2 2
vc/pkg/didcomm/crypto/ecdh1pu.go:100.16,102.3 1 0
vc/pkg/didcomm/crypto/ecdh1pu.go:104.2,105.12 2 2
vc/pkg/didcomm/crypto/ecdh1pu.go:111.68,112.31 1 2
vc/pkg/didcomm/crypto/ecdh1pu.go:112.31,114.3 1 0
vc/pkg/didcomm/crypto/ecdh1pu.go:116.2,116.34 1 2
vc/pkg/didcomm/crypto/ecdh1pu.go:116.34,117.50 1 2
vc/pkg/didcomm/crypto/ecdh1pu.go:117.50,119.4 1 0
vc/pkg/didcomm/crypto/ecdh1pu.go:123.2,124.16 2 2
vc/pkg/didcomm/crypto/ecdh1pu.go:124.16,126.3 1 0
vc/pkg/didcomm/crypto/ecdh1pu.go:128.2,129.16 2 2
vc/pkg/didcomm/crypto/ecdh1pu.go:129.16,131.3 1 0
vc/pkg/didcomm/crypto/ecdh1pu.go:133.2,134.16 2 2
vc/pkg/didcomm/crypto/ecdh1pu.go:134.16,136.3 1 0
vc/pkg/didcomm/crypto/ecdh1pu.go:139.2,140.16 2 2
vc/pkg/didcomm/crypto/ecdh1pu.go:140.16,142.3 1 0
vc/pkg/didcomm/crypto/ecdh1pu.go:145.2,146.16 2 2
vc/pkg/didcomm/crypto/ecdh1pu.go:146.16,148.3 1 0
vc/pkg/didcomm/crypto/ecdh1pu.go:151.2,155.16 3 2
vc/pkg/didcomm/crypto/ecdh1pu.go:155.16,157.3 1 0
vc/pkg/didcomm/crypto/ecdh1pu.go:161.2,162.16 2 2
vc/pkg/didcomm/crypto/ecdh1pu.go:162.16,164.3 1 0
vc/pkg/didcomm/crypto/ecdh1pu.go:167.2,168.16 2 2
vc/pkg/didcomm/crypto/ecdh1pu.go:168.16,170.3 1 0
vc/pkg/didcomm/crypto/ecdh1pu.go:172.2,172.41 1 2
vc/pkg/didcomm/crypto/ecdh1pu.go:178.87,179.31 1 4
vc/pkg/didcomm/crypto/ecdh1pu.go:179.31,181.3 1 0
vc/pkg/didcomm/crypto/ecdh1pu.go:183.2,183.34 1 4
vc/pkg/didcomm/crypto/ecdh1pu.go:183.34,184.50 1 0
vc/pkg/didcomm/crypto/ecdh1pu.go:184.50,186.4 1 0
vc/pkg/didcomm/crypto/ecdh1pu.go:190.2,191.16 2 4
vc/pkg/didcomm/crypto/ecdh1pu.go:191.16,193.3 1 0
vc/pkg/didcomm/crypto/ecdh1pu.go:195.2,196.16 2 4
vc/pkg/didcomm/crypto/ecdh1pu.go:196.16,198.3 1 0
vc/pkg/didcomm/crypto/ecdh1pu.go:200.2,201.16 2 4
vc/pkg/didcomm/crypto/ecdh1pu.go:201.16,203.3 1 0
vc/pkg/didcomm/crypto/ecdh1pu.go:206.2,207.16 2 4
vc/pkg/didcomm/crypto/ecdh1pu.go:207.16,209.3 1 0
vc/pkg/didcomm/crypto/ecdh1pu.go:212.2,213.16 2 4
vc/pkg/didcomm/crypto/ecdh1pu.go:213.16,215.3 1 0
vc/pkg/didcomm/crypto/ecdh1pu.go:218.2,222.16 3 4
vc/pkg/didcomm/crypto/ecdh1pu.go:222.16,224.3 1 0
vc/pkg/didcomm/crypto/ecdh1pu.go:227.2,228.16 2 4
vc/pkg/didcomm/crypto/ecdh1pu.go:228.16,230.3 1 0
vc/pkg/didcomm/crypto/ecdh1pu.go:233.2,234.16 2 4
vc/pkg/didcomm/crypto/ecdh1pu.go:234.16,236.3 1 0
vc/pkg/didcomm/crypto/ecdh1pu.go:238.2,238.41 1 4
vc/pkg/didcomm/crypto/ecdh1pu.go:242.117,249.16 2 7
vc/pkg/didcomm/crypto/ecdh1pu.go:249.16,251.3 1 0
vc/pkg/didcomm/crypto/ecdh1pu.go:253.2,254.16 2 7
vc/pkg/didcomm/crypto/ecdh1pu.go:254.16,256.3 1 0
vc/pkg/didcomm/crypto/ecdh1pu.go:258.2,259.16 2 7
vc/pkg/didcomm/crypto/ecdh1pu.go:259.16,261.3 1 0
vc/pkg/didcomm/crypto/ecdh1pu.go:264.2,265.16 2 7
vc/pkg/didcomm/crypto/ecdh1pu.go:265.16,267.3 1 0
vc/pkg/didcomm/crypto/ecdh1pu.go:270.2,271.16 2 7
vc/pkg/didcomm/crypto/ecdh1pu.go:271.16,273.3 1 0
vc/pkg/didcomm/crypto/ecdh1pu.go:276.2,280.16 3 7
vc/pkg/didcomm/crypto/ecdh1pu.go:280.16,282.3 1 0
vc/pkg/didcomm/crypto/ecdh1pu.go:286.2,287.22 2 7
vc/pkg/didcomm/crypto/ecdh1pu.go:287.22,289.3 1 5
vc/pkg/didcomm/crypto/ecdh1pu.go:289.8,291.3 1 2
vc/pkg/didcomm/crypto/ecdh1pu.go:292.2,292.16 1 7
vc/pkg/didcomm/crypto/ecdh1pu.go:292.16,294.3 1 0
vc/pkg/didcomm/crypto/ecdh1pu.go:296.2,296.24 1 7
vc/pkg/didcomm/crypto/ecdh1pu.go:300.53,303.15 2 34
vc/pkg/didcomm/crypto/ecdh1pu.go:304.19,305.28 1 28
vc/pkg/didcomm/crypto/ecdh1pu.go:306.17,307.26 1 5
vc/pkg/didcomm/crypto/ecdh1pu.go:308.17,309.26 1 1
vc/pkg/didcomm/crypto/ecdh1pu.go:310.17,311.26 1 0
vc/pkg/didcomm/crypto/ecdh1pu.go:312.10,313.85 1 0
vc/pkg/didcomm/crypto/ecdh1pu.go:316.2,317.16 2 34
vc/pkg/didcomm/crypto/ecdh1pu.go:317.16,319.3 1 0
vc/pkg/didcomm/crypto/ecdh1pu.go:322.2,323.16 2 34
vc/pkg/didcomm/crypto/ecdh1pu.go:323.16,325.3 1 0
vc/pkg/didcomm/crypto/ecdh1pu.go:327.2,327.17 1 34
vc/pkg/didcomm/crypto/ecdh1pu.go:331.67,333.46 2 46
vc/pkg/didcomm/crypto/ecdh1pu.go:333.46,335.3 1 0
vc/pkg/didcomm/crypto/ecdh1pu.go:337.2,337.25 1 46
vc/pkg/didcomm/crypto/ecdh1pu.go:338.24,339.16 1 42
vc/pkg/didcomm/crypto/ecdh1pu.go:340.25,342.18 1 4
vc/pkg/didcomm/crypto/ecdh1pu.go:343.14,346.17 2 0
vc/pkg/didcomm/crypto/ecdh1pu.go:346.17,348.4 1 0
vc/pkg/didcomm/crypto/ecdh1pu.go:349.3,349.25 1 0
vc/pkg/didcomm/crypto/ecdh1pu.go:349.25,351.4 1 0
vc/pkg/didcomm/crypto/ecdh1pu.go:352.3,352.70 1 0
vc/pkg/didcomm/crypto/ecdh1pu.go:353.10,354.58 1 0
vc/pkg/didcomm/crypto/ecdh1pu.go:359.65,361.46 2 47
vc/pkg/didcomm/crypto/ecdh1pu.go:361.46,363.3 1 0
vc/pkg/didcomm/crypto/ecdh1pu.go:365.2,365.25 1 47
vc/pkg/didcomm/crypto/ecdh1pu.go:366.23,367.16 1 41
vc/pkg/didcomm/crypto/ecdh1pu.go:368.24,369.28 1 2
vc/pkg/didcomm/crypto/ecdh1pu.go:370.24,372.18 1 4
vc/pkg/didcomm/crypto/ecdh1pu.go:373.25,376.17 2 0
vc/pkg/didcomm/crypto/ecdh1pu.go:376.17,378.4 1 0
vc/pkg/didcomm/crypto/ecdh1pu.go:379.3,379.34 1 0
vc/pkg/didcomm/crypto/ecdh1pu.go:380.14,383.17 2 0
vc/pkg/didcomm/crypto/ecdh1pu.go:383.17,385.4 1 0
vc/pkg/didcomm/crypto/ecdh1pu.go:386.3,386.25 1 0
vc/pkg/didcomm/crypto/ecdh1pu.go:386.25,388.4 1 0
vc/pkg/didcomm/crypto/ecdh1pu.go:389.3,389.70 1 0
vc/pkg/didcomm/crypto/ecdh1pu.go:390.10,391.58 1 0
vc/pkg/didcomm/crypto/ecdh1pu.go:396.55,397.19 1 13
vc/pkg/didcomm/crypto/ecdh1pu.go:398.41,399.17 1 13
vc/pkg/didcomm/crypto/ecdh1pu.go:400.42,401.17 1 0
vc/pkg/didcomm/crypto/ecdh1pu.go:402.10,403.96 1 0
vc/pkg/didcomm/crypto/ecdh1pu.go:412.90,444.65 12 32
vc/pkg/didcomm/crypto/ecdh1pu.go:444.65,459.3 7 32
vc/pkg/didcomm/crypto/ecdh1pu.go:462.2,462.34 1 32
vc/pkg/didcomm/crypto/ecdh1pu.go:467.52,473.2 5 136
vc/pkg/didcomm/crypto/ecdh1pu.go:481.100,487.20 3 10
vc/pkg/didcomm/crypto/ecdh1pu.go:487.20,489.3 1 10
vc/pkg/didcomm/crypto/ecdh1pu.go:491.2,509.20 8 10
vc/pkg/didcomm/crypto/ecdh1pu.go:509.20,511.3 1 10
vc/pkg/didcomm/crypto/ecdh1pu.go:515.2,520.65 4 10
vc/pkg/didcomm/crypto/ecdh1pu.go:520.65,535.3 7 10
vc/pkg/didcomm/crypto/ecdh1pu.go:538.2,538.34 1 10
vc/pkg/didcomm/crypto/jwe.go:65.51,70.2 1 16
vc/pkg/didcomm/crypto/jwe.go:73.78,80.2 1 2
vc/pkg/didcomm/crypto/jwe.go:87.118,88.29 1 20
vc/pkg/didcomm/crypto/jwe.go:88.29,90.3 1 1
vc/pkg/didcomm/crypto/jwe.go:93.2,93.79 1 19
vc/pkg/didcomm/crypto/jwe.go:93.79,95.3 1 2
vc/pkg/didcomm/crypto/jwe.go:98.2,98.63 1 17
vc/pkg/didcomm/crypto/jwe.go:98.63,100.3 1 10
vc/pkg/didcomm/crypto/jwe.go:103.2,103.60 1 7
vc/pkg/didcomm/crypto/jwe.go:107.125,110.26 2 7
vc/pkg/didcomm/crypto/jwe.go:110.26,113.17 3 7
vc/pkg/didcomm/crypto/jwe.go:113.17,115.4 1 0
vc/pkg/didcomm/crypto/jwe.go:118.2,119.27 2 7
vc/pkg/didcomm/crypto/jwe.go:119.27,122.17 3 7
vc/pkg/didcomm/crypto/jwe.go:122.17,124.4 1 0
vc/pkg/didcomm/crypto/jwe.go:128.2,134.28 2 7
vc/pkg/didcomm/crypto/jwe.go:134.28,136.46 2 1
vc/pkg/didcomm/crypto/jwe.go:136.46,138.4 1 3
vc/pkg/didcomm/crypto/jwe.go:139.8,141.3 1 6
vc/pkg/didcomm/crypto/jwe.go:144.2,145.16 2 7
vc/pkg/didcomm/crypto/jwe.go:145.16,147.3 1 0
vc/pkg/didcomm/crypto/jwe.go:149.2,149.23 1 7
vc/pkg/didcomm/crypto/jwe.go:153.123,156.16 2 10
vc/pkg/didcomm/crypto/jwe.go:156.16,158.3 1 0
vc/pkg/didcomm/crypto/jwe.go:161.2,162.16 2 10
vc/pkg/didcomm/crypto/jwe.go:162.16,164.3 1 0
vc/pkg/didcomm/crypto/jwe.go:167.2,168.44 2 10
vc/pkg/didcomm/crypto/jwe.go:168.44,170.3 1 0
vc/pkg/didcomm/crypto/jwe.go:175.2,176.16 2 10
vc/pkg/didcomm/crypto/jwe.go:176.16,178.3 1 0
vc/pkg/didcomm/crypto/jwe.go:181.2,182.16 2 10
vc/pkg/didcomm/crypto/jwe.go:182.16,184.3 1 0
vc/pkg/didcomm/crypto/jwe.go:185.2,186.16 2 10
vc/pkg/didcomm/crypto/jwe.go:186.16,188.3 1 0
vc/pkg/didcomm/crypto/jwe.go:191.2,192.16 2 10
vc/pkg/didcomm/crypto/jwe.go:192.16,194.3 1 0
vc/pkg/didcomm/crypto/jwe.go:198.2,199.34 2 10
vc/pkg/didcomm/crypto/jwe.go:199.34,203.3 3 12
vc/pkg/didcomm/crypto/jwe.go:204.2,214.26 8 10
vc/pkg/didcomm/crypto/jwe.go:214.26,217.3 2 0
vc/pkg/didcomm/crypto/jwe.go:220.2,227.18 2 10
vc/pkg/didcomm/crypto/jwe.go:227.18,229.3 1 0
vc/pkg/didcomm/crypto/jwe.go:231.2,232.16 2 10
vc/pkg/didcomm/crypto/jwe.go:232.16,234.3 1 0
vc/pkg/didcomm/crypto/jwe.go:235.2,242.16 4 10
vc/pkg/didcomm/crypto/jwe.go:242.16,244.3 1 0
vc/pkg/didcomm/crypto/jwe.go:247.2,249.45 2 10
vc/pkg/didcomm/crypto/jwe.go:249.45,253.17 2 12
vc/pkg/didcomm/crypto/jwe.go:253.17,255.4 1 0
vc/pkg/didcomm/crypto/jwe.go:258.3,266.4 3 12
vc/pkg/didcomm/crypto/jwe.go:270.2,278.35 2 10
vc/pkg/didcomm/crypto/jwe.go:286.125,287.27 1 2
vc/pkg/didcomm/crypto/jwe.go:287.27,289.3 1 0
vc/pkg/didcomm/crypto/jwe.go:292.2,293.22 2 2
vc/pkg/didcomm/crypto/jwe.go:293.22,295.3 1 0
vc/pkg/didcomm/crypto/jwe.go:298.2,299.16 2 2
vc/pkg/didcomm/crypto/jwe.go:299.16,301.3 1 0
vc/pkg/didcomm/crypto/jwe.go:304.2,305.16 2 2
vc/pkg/didcomm/crypto/jwe.go:305.16,307.3 1 0
vc/pkg/didcomm/crypto/jwe.go:308.2,309.16 2 2
vc/pkg/didcomm/crypto/jwe.go:309.16,311.3 1 0
vc/pkg/didcomm/crypto/jwe.go:312.2,313.16 2 2
vc/pkg/didcomm/crypto/jwe.go:313.16,315.3 1 0
vc/pkg/didcomm/crypto/jwe.go:318.2,319.16 2 2
vc/pkg/didcomm/crypto/jwe.go:319.16,321.3 1 0
vc/pkg/didcomm/crypto/jwe.go:324.2,339.26 5 2
vc/pkg/didcomm/crypto/jwe.go:339.26,341.3 1 2
vc/pkg/didcomm/crypto/jwe.go:343.2,344.16 2 2
vc/pkg/didcomm/crypto/jwe.go:344.16,346.3 1 0
vc/pkg/didcomm/crypto/jwe.go:347.2,353.20 4 2
vc/pkg/didcomm/crypto/jwe.go:354.16,356.17 2 0
vc/pkg/didcomm/crypto/jwe.go:356.17,358.4 1 0
vc/pkg/didcomm/crypto/jwe.go:359.3,360.45 2 0
vc/pkg/didcomm/crypto/jwe.go:360.45,362.4 1 0
vc/pkg/didcomm/crypto/jwe.go:364.3,365.17 2 0
vc/pkg/didcomm/crypto/jwe.go:365.17,367.4 1 0
vc/pkg/didcomm/crypto/jwe.go:369.23,372.17 2 2
vc/pkg/didcomm/crypto/jwe.go:372.17,374.4 1 0
vc/pkg/didcomm/crypto/jwe.go:376.18,379.17 2 0
vc/pkg/didcomm/crypto/jwe.go:379.17,381.4 1 0
vc/pkg/didcomm/crypto/jwe.go:383.10,384.90 1 0
vc/pkg/didcomm/crypto/jwe.go:389.2,391.45 2 2
vc/pkg/didcomm/crypto/jwe.go:391.45,394.17 2 4
vc/pkg/didcomm/crypto/jwe.go:394.17,396.4 1 0
vc/pkg/didcomm/crypto/jwe.go:399.3,402.27 2 4
vc/pkg/didcomm/crypto/jwe.go:402.27,404.4 1 4
vc/pkg/didcomm/crypto/jwe.go:405.3,412.17 4 4
vc/pkg/didcomm/crypto/jwe.go:412.17,414.4 1 0
vc/pkg/didcomm/crypto/jwe.go:417.3,418.17 2 4
vc/pkg/didcomm/crypto/jwe.go:418.17,420.4 1 0
vc/pkg/didcomm/crypto/jwe.go:423.3,431.4 3 4
vc/pkg/didcomm/crypto/jwe.go:435.2,443.35 2 2
vc/pkg/didcomm/crypto/jwe.go:447.49,449.36 2 2
vc/pkg/didcomm/crypto/jwe.go:449.36,453.3 3 4
vc/pkg/didcomm/crypto/jwe.go:454.2,457.27 3 2
vc/pkg/didcomm/crypto/jwe.go:457.27,458.12 1 4
vc/pkg/didcomm/crypto/jwe.go:458.12,460.4 1 2
vc/pkg/didcomm/crypto/jwe.go:461.3,461.23 1 4
vc/pkg/didcomm/crypto/jwe.go:463.2,463.19 1 2
vc/pkg/didcomm/crypto/jwe.go:468.94,470.20 1 2
vc/pkg/didcomm/crypto/jwe.go:470.20,472.3 1 0
vc/pkg/didcomm/crypto/jwe.go:474.2,479.41 4 2
vc/pkg/didcomm/crypto/jwe.go:479.41,481.3 1 0
vc/pkg/didcomm/crypto/jwe.go:484.2,488.16 3 2
vc/pkg/didcomm/crypto/jwe.go:488.16,490.3 1 0
vc/pkg/didcomm/crypto/jwe.go:492.2,512.33 14 2
vc/pkg/didcomm/crypto/jwe.go:517.92,518.20 1 0
vc/pkg/didcomm/crypto/jwe.go:518.20,520.3 1 0
vc/pkg/didcomm/crypto/jwe.go:522.2,523.16 2 0
vc/pkg/didcomm/crypto/jwe.go:523.16,525.3 1 0
vc/pkg/didcomm/crypto/jwe.go:527.2,528.16 2 0
vc/pkg/didcomm/crypto/jwe.go:528.16,530.3 1 0
vc/pkg/didcomm/crypto/jwe.go:533.2,534.44 2 0
vc/pkg/didcomm/crypto/jwe.go:534.44,536.3 1 0
vc/pkg/didcomm/crypto/jwe.go:539.2,546.36 5 0
vc/pkg/didcomm/crypto/jwe.go:550.50,553.25 3 2
vc/pkg/didcomm/crypto/jwe.go:553.25,555.3 1 18
vc/pkg/didcomm/crypto/jwe.go:556.2,556.33 1 2
vc/pkg/didcomm/crypto/jwe.go:560.129,563.16 2 12
vc/pkg/didcomm/crypto/jwe.go:563.16,565.3 1 0
vc/pkg/didcomm/crypto/jwe.go:567.2,568.16 2 12
vc/pkg/didcomm/crypto/jwe.go:568.16,570.3 1 0
vc/pkg/didcomm/crypto/jwe.go:573.2,574.16 2 12
vc/pkg/didcomm/crypto/jwe.go:574.16,576.3 1 0
vc/pkg/didcomm/crypto/jwe.go:580.2,582.16 3 12
vc/pkg/didcomm/crypto/jwe.go:582.16,584.3 1 0
vc/pkg/didcomm/crypto/jwe.go:587.2,588.16 2 12
vc/pkg/didcomm/crypto/jwe.go:588.16,590.3 1 0
vc/pkg/didcomm/crypto/jwe.go:593.2,594.16 2 12
vc/pkg/didcomm/crypto/jwe.go:594.16,596.3 1 0
vc/pkg/didcomm/crypto/jwe.go:598.2,598.35 1 12
vc/pkg/didcomm/crypto/jwe.go:602.58,603.80 1 16
vc/pkg/didcomm/crypto/jwe.go:603.80,605.3 1 0
vc/pkg/didcomm/crypto/jwe.go:607.2,608.16 2 16
vc/pkg/didcomm/crypto/jwe.go:608.16,610.3 1 0
vc/pkg/didcomm/crypto/jwe.go:613.2,614.21 2 16
vc/pkg/didcomm/crypto/jwe.go:614.21,616.3 1 0
vc/pkg/didcomm/crypto/jwe.go:619.2,623.26 3 16
vc/pkg/didcomm/crypto/jwe.go:623.26,626.3 2 80
vc/pkg/didcomm/crypto/jwe.go:629.2,629.26 1 16
vc/pkg/didcomm/crypto/jwe.go:629.26,630.27 1 96
vc/pkg/didcomm/crypto/jwe.go:630.27,651.4 15 480
vc/pkg/didcomm/crypto/jwe.go:655.2,657.26 3 16
vc/pkg/didcomm/crypto/jwe.go:657.26,659.3 1 80
vc/pkg/didcomm/crypto/jwe.go:661.2,661.21 1 16
vc/pkg/didcomm/crypto/jwe.go:666.89,669.79 2 25
vc/pkg/didcomm/crypto/jwe.go:669.79,672.17 2 19
vc/pkg/didcomm/crypto/jwe.go:672.17,674.4 1 0
vc/pkg/didcomm/crypto/jwe.go:676.3,677.64 2 19
vc/pkg/didcomm/crypto/jwe.go:677.64,679.4 1 0
vc/pkg/didcomm/crypto/jwe.go:682.3,682.68 1 19
vc/pkg/didcomm/crypto/jwe.go:682.68,684.4 1 15
vc/pkg/didcomm/crypto/jwe.go:685.3,685.84 1 4
vc/pkg/didcomm/crypto/jwe.go:685.84,689.4 1 0
vc/pkg/didcomm/crypto/jwe.go:693.2,694.16 2 10
vc/pkg/didcomm/crypto/jwe.go:694.16,697.17 2 0
vc/pkg/didcomm/crypto/jwe.go:697.17,699.4 1 0
vc/pkg/didcomm/crypto/jwe.go:702.2,702.23 1 10
vc/pkg/didcomm/crypto/jwe.go:707.122,709.56 2 5
vc/pkg/didcomm/crypto/jwe.go:709.56,711.3 1 0
vc/pkg/didcomm/crypto/jwe.go:714.2,715.16 2 5
vc/pkg/didcomm/crypto/jwe.go:715.16,717.3 1 0
vc/pkg/didcomm/crypto/jwe.go:719.2,720.63 2 5
vc/pkg/didcomm/crypto/jwe.go:720.63,722.3 1 0
vc/pkg/didcomm/crypto/jwe.go:724.2,724.67 1 5
vc/pkg/didcomm/crypto/jwe.go:724.67,726.3 1 0
vc/pkg/didcomm/crypto/jwe.go:728.2,728.82 1 5
vc/pkg/didcomm/crypto/jwe.go:728.82,730.3 1 5
vc/pkg/didcomm/crypto/jwe.go:732.2,732.102 1 0
vc/pkg/didcomm/crypto/jwe.go:736.142,743.32 4 15
vc/pkg/didcomm/crypto/jwe.go:743.32,744.53 1 21
vc/pkg/didcomm/crypto/jwe.go:744.53,746.9 2 15
vc/pkg/didcomm/crypto/jwe.go:749.2,749.56 1 15
vc/pkg/didcomm/crypto/jwe.go:749.56,752.3 1 0
vc/pkg/didcomm/crypto/jwe.go:753.2,753.29 1 15
vc/pkg/didcomm/crypto/jwe.go:753.29,755.3 1 0
vc/pkg/didcomm/crypto/jwe.go:758.2,762.40 3 15
vc/pkg/didcomm/crypto/jwe.go:762.40,764.17 2 15
vc/pkg/didcomm/crypto/jwe.go:764.17,766.4 1 0
vc/pkg/didcomm/crypto/jwe.go:767.8,767.64 1 0
vc/pkg/didcomm/crypto/jwe.go:767.64,770.17 2 0
vc/pkg/didcomm/crypto/jwe.go:770.17,772.4 1 0
vc/pkg/didcomm/crypto/jwe.go:775.2,775.28 1 15
vc/pkg/didcomm/crypto/jwe.go:775.28,777.3 1 0
vc/pkg/didcomm/crypto/jwe.go:780.2,781.16 2 15
vc/pkg/didcomm/crypto/jwe.go:781.16,783.3 1 0
vc/pkg/didcomm/crypto/jwe.go:786.2,788.83 2 15
vc/pkg/didcomm/crypto/jwe.go:788.83,790.26 1 0
vc/pkg/didcomm/crypto/jwe.go:790.26,792.4 1 0
vc/pkg/didcomm/crypto/jwe.go:793.3,793.119 1 0
vc/pkg/didcomm/crypto/jwe.go:794.8,797.3 1 15
vc/pkg/didcomm/crypto/jwe.go:798.2,798.16 1 15
vc/pkg/didcomm/crypto/jwe.go:798.16,800.3 1 0
vc/pkg/didcomm/crypto/jwe.go:803.2,804.16 2 15
vc/pkg/didcomm/crypto/jwe.go:804.16,806.3 1 0
vc/pkg/didcomm/crypto/jwe.go:809.2,810.16 2 15
vc/pkg/didcomm/crypto/jwe.go:810.16,812.3 1 0
vc/pkg/didcomm/crypto/jwe.go:814.2,815.16 2 15
vc/pkg/didcomm/crypto/jwe.go:815.16,817.3 1 0
vc/pkg/didcomm/crypto/jwe.go:821.2,825.16 3 15
vc/pkg/didcomm/crypto/jwe.go:825.16,827.3 1 0
vc/pkg/didcomm/crypto/jwe.go:829.2,829.23 1 15
vc/pkg/didcomm/crypto/jwe.go:834.149,841.32 4 5
vc/pkg/didcomm/crypto/jwe.go:841.32,842.53 1 8
vc/pkg/didcomm/crypto/jwe.go:842.53,844.9 2 5
vc/pkg/didcomm/crypto/jwe.go:847.2,847.56 1 5
vc/pkg/didcomm/crypto/jwe.go:847.56,850.3 1 0
vc/pkg/didcomm/crypto/jwe.go:851.2,851.29 1 5
vc/pkg/didcomm/crypto/jwe.go:851.29,853.3 1 0
vc/pkg/didcomm/crypto/jwe.go:856.2,859.40 3 5
vc/pkg/didcomm/crypto/jwe.go:859.40,861.17 2 5
vc/pkg/didcomm/crypto/jwe.go:861.17,863.4 1 0
vc/pkg/didcomm/crypto/jwe.go:864.8,864.64 1 0
vc/pkg/didcomm/crypto/jwe.go:864.64,866.17 2 0
vc/pkg/didcomm/crypto/jwe.go:866.17,868.4 1 0
vc/pkg/didcomm/crypto/jwe.go:871.2,871.28 1 5
vc/pkg/didcomm/crypto/jwe.go:871.28,873.3 1 0
vc/pkg/didcomm/crypto/jwe.go:876.2,877.16 2 5
vc/pkg/didcomm/crypto/jwe.go:877.16,879.3 1 0
vc/pkg/didcomm/crypto/jwe.go:882.2,882.25 1 5
vc/pkg/didcomm/crypto/jwe.go:882.25,884.3 1 0
vc/pkg/didcomm/crypto/jwe.go:885.2,886.16 2 5
vc/pkg/didcomm/crypto/jwe.go:886.16,888.3 1 0
vc/pkg/didcomm/crypto/jwe.go:891.2,891.20 1 5
vc/pkg/didcomm/crypto/jwe.go:891.20,893.3 1 0
vc/pkg/didcomm/crypto/jwe.go:895.2,900.16 4 5
vc/pkg/didcomm/crypto/jwe.go:900.16,902.3 1 0
vc/pkg/didcomm/crypto/jwe.go:903.2,903.30 1 5
vc/pkg/didcomm/crypto/jwe.go:903.30,905.3 1 0
vc/pkg/didcomm/crypto/jwe.go:907.2,908.16 2 5
vc/pkg/didcomm/crypto/jwe.go:908.16,910.3 1 0
vc/pkg/didcomm/crypto/jwe.go:913.2,931.35 12 5
vc/pkg/didcomm/crypto/jwe.go:931.35,933.3 1 0
vc/pkg/didcomm/crypto/jwe.go:936.2,937.16 2 5
vc/pkg/didcomm/crypto/jwe.go:937.16,939.3 1 0
vc/pkg/didcomm/crypto/jwe.go:941.2,941.40 1 5
vc/pkg/didcomm/crypto/jwe.go:941.40,943.3 1 0
vc/pkg/didcomm/crypto/jwe.go:945.2,951.16 5 5
vc/pkg/didcomm/crypto/jwe.go:951.16,953.3 1 0
vc/pkg/didcomm/crypto/jwe.go:955.2,955.23 1 5
vc/pkg/didcomm/crypto/jwe.go:959.46,960.20 1 5
vc/pkg/didcomm/crypto/jwe.go:960.20,962.3 1 0
vc/pkg/didcomm/crypto/jwe.go:963.2,964.65 2 5
vc/pkg/didcomm/crypto/jwe.go:964.65,966.3 1 0
vc/pkg/didcomm/crypto/jwe.go:967.2,967.50 1 5
vc/pkg/didcomm/crypto/jwe.go:967.50,968.30 1 45
vc/pkg/didcomm/crypto/jwe.go:968.30,970.4 1 0
vc/pkg/didcomm/crypto/jwe.go:972.2,972.37 1 5
vc/pkg/didcomm/crypto/jwe.go:976.121,979.16 2 15
vc/pkg/didcomm/crypto/jwe.go:979.16,981.3 1 0
vc/pkg/didcomm/crypto/jwe.go:984.2,985.16 2 15
vc/pkg/didcomm/crypto/jwe.go:985.16,987.3 1 0
vc/pkg/didcomm/crypto/jwe.go:989.2,990.16 2 15
vc/pkg/didcomm/crypto/jwe.go:990.16,992.3 1 0
vc/pkg/didcomm/crypto/jwe.go:995.2,996.16 2 15
vc/pkg/didcomm/crypto/jwe.go:996.16,998.3 1 0
vc/pkg/didcomm/crypto/jwe.go:1003.2,1007.38 3 15
vc/pkg/didcomm/crypto/jwe.go:1007.38,1009.17 2 0
vc/pkg/didcomm/crypto/jwe.go:1009.17,1011.4 1 0
vc/pkg/didcomm/crypto/jwe.go:1013.2,1013.38 1 15
vc/pkg/didcomm/crypto/jwe.go:1013.38,1015.17 2 15
vc/pkg/didcomm/crypto/jwe.go:1015.17,1017.4 1 0
vc/pkg/didcomm/crypto/jwe.go:1021.2,1023.16 3 15
vc/pkg/didcomm/crypto/jwe.go:1023.16,1025.3 1 0
vc/pkg/didcomm/crypto/jwe.go:1028.2,1028.46 1 15
vc/pkg/didcomm/crypto/jwe.go:1034.150,1037.16 2 5
vc/pkg/didcomm/crypto/jwe.go:1037.16,1039.3 1 0
vc/pkg/didcomm/crypto/jwe.go:1042.2,1043.16 2 5
vc/pkg/didcomm/crypto/jwe.go:1043.16,1045.3 1 0
vc/pkg/didcomm/crypto/jwe.go:1049.2,1049.38 1 5
vc/pkg/didcomm/crypto/jwe.go:1049.38,1051.17 2 5
vc/pkg/didcomm/crypto/jwe.go:1051.17,1053.4 1 0
vc/pkg/didcomm/crypto/jwe.go:1054.3,1054.22 1 5
vc/pkg/didcomm/crypto/jwe.go:1056.2,1056.38 1 5
vc/pkg/didcomm/crypto/jwe.go:1056.38,1058.17 2 5
vc/pkg/didcomm/crypto/jwe.go:1058.17,1060.4 1 0
vc/pkg/didcomm/crypto/jwe.go:1061.3,1061.22 1 5
vc/pkg/didcomm/crypto/jwe.go:1065.2,1069.16 3 5
vc/pkg/didcomm/crypto/jwe.go:1069.16,1071.3 1 0
vc/pkg/didcomm/crypto/jwe.go:1074.2,1074.46 1 5
vc/pkg/didcomm/crypto/jwe.go:1078.67,1079.80 1 22
vc/pkg/didcomm/crypto/jwe.go:1079.80,1081.3 1 0
vc/pkg/didcomm/crypto/jwe.go:1083.2,1083.52 1 22
vc/pkg/didcomm/crypto/jwe.go:1083.52,1085.3 1 0
vc/pkg/didcomm/crypto/jwe.go:1087.2,1088.16 2 22
vc/pkg/didcomm/crypto/jwe.go:1088.16,1090.3 1 0
vc/pkg/didcomm/crypto/jwe.go:1093.2,1101.26 5 22
vc/pkg/didcomm/crypto/jwe.go:1101.26,1104.3 2 116
vc/pkg/didcomm/crypto/jwe.go:1107.2,1107.26 1 22
vc/pkg/didcomm/crypto/jwe.go:1107.26,1108.27 1 132
vc/pkg/didcomm/crypto/jwe.go:1108.27,1131.4 15 696
vc/pkg/didcomm/crypto/jwe.go:1135.2,1136.25 2 22
vc/pkg/didcomm/crypto/jwe.go:1136.25,1137.27 1 169
vc/pkg/didcomm/crypto/jwe.go:1137.27,1139.4 1 1
vc/pkg/didcomm/crypto/jwe.go:1143.2,1144.26 2 21
vc/pkg/didcomm/crypto/jwe.go:1144.26,1146.3 1 108
vc/pkg/didcomm/crypto/jwe.go:1148.2,1148.17 1 21
vc/pkg/didcomm/crypto/jwe.go:1152.100,1155.16 2 0
vc/pkg/didcomm/crypto/jwe.go:1155.16,1157.3 1 0
vc/pkg/didcomm/crypto/jwe.go:1160.2,1160.45 1 0
vc/pkg/didcomm/crypto/jwe.go:1160.45,1163.50 3 0
vc/pkg/didcomm/crypto/jwe.go:1163.50,1164.12 1 0
vc/pkg/didcomm/crypto/jwe.go:1167.3,1168.17 2 0
vc/pkg/didcomm/crypto/jwe.go:1168.17,1169.12 1 0
vc/pkg/didcomm/crypto/jwe.go:1172.3,1173.17 2 0
vc/pkg/didcomm/crypto/jwe.go:1173.17,1175.4 1 0
vc/pkg/didcomm/crypto/jwe.go:1178.2,1178.75 1 0
vc/pkg/didcomm/crypto/jwe.go:1230.72,1231.13 1 13
vc/pkg/didcomm/crypto/jwe.go:1232.34,1233.35 1 9
vc/pkg/didcomm/crypto/jwe.go:1234.23,1235.35 1 1
vc/pkg/didcomm/crypto/jwe.go:1236.36,1238.35 1 2
vc/pkg/didcomm/crypto/jwe.go:1239.10,1240.72 1 1
vc/pkg/didcomm/crypto/jwe.go:1245.80,1246.13 1 11
vc/pkg/didcomm/crypto/jwe.go:1247.18,1248.28 1 7
vc/pkg/didcomm/crypto/jwe.go:1249.23,1250.34 1 2
vc/pkg/didcomm/crypto/jwe.go:1251.18,1252.28 1 1
vc/pkg/didcomm/crypto/jwe.go:1253.16,1255.75 1 0
vc/pkg/didcomm/crypto/jwe.go:1256.10,1257.66 1 1
vc/pkg/didcomm/crypto/jws.go:54.104,57.16 2 2
vc/pkg/didcomm/crypto/jws.go:57.16,59.3 1 0
vc/pkg/didcomm/crypto/jws.go:61.2,65.19 2 2
vc/pkg/didcomm/crypto/jws.go:65.19,67.3 1 0
vc/pkg/didcomm/crypto/jws.go:69.2,70.16 2 2
vc/pkg/didcomm/crypto/jws.go:70.16,72.3 1 0
vc/pkg/didcomm/crypto/jws.go:74.2,74.20 1 2
vc/pkg/didcomm/crypto/jws.go:79.84,82.16 2 1
vc/pkg/didcomm/crypto/jws.go:82.16,84.3 1 0
vc/pkg/didcomm/crypto/jws.go:86.2,87.16 2 1
vc/pkg/didcomm/crypto/jws.go:87.16,89.3 1 0
vc/pkg/didcomm/crypto/jws.go:91.2,91.21 1 1
vc/pkg/didcomm/crypto/jws.go:95.99,98.16 2 0
vc/pkg/didcomm/crypto/jws.go:98.16,100.3 1 0
vc/pkg/didcomm/crypto/jws.go:103.2,104.20 2 0
vc/pkg/didcomm/crypto/jws.go:104.20,106.3 1 0
vc/pkg/didcomm/crypto/jws.go:109.2,113.49 4 0
vc/pkg/didcomm/crypto/jws.go:113.49,115.3 1 0
vc/pkg/didcomm/crypto/jws.go:117.2,118.16 2 0
vc/pkg/didcomm/crypto/jws.go:118.16,120.3 1 0
vc/pkg/didcomm/crypto/jws.go:122.2,122.39 1 0
vc/pkg/didcomm/crypto/jws.go:131.90,132.16 1 5
vc/pkg/didcomm/crypto/jws.go:132.16,134.3 1 1
vc/pkg/didcomm/crypto/jws.go:137.2,139.13 2 4
vc/pkg/didcomm/crypto/jws.go:140.17,142.26 1 0
vc/pkg/didcomm/crypto/jws.go:143.16,146.46 2 4
vc/pkg/didcomm/crypto/jws.go:146.46,148.4 1 0
vc/pkg/didcomm/crypto/jws.go:149.3,149.14 1 4
vc/pkg/didcomm/crypto/jws.go:150.19,151.27 1 3
vc/pkg/didcomm/crypto/jws.go:152.19,153.27 1 1
vc/pkg/didcomm/crypto/jws.go:154.11,156.35 1 0
vc/pkg/didcomm/crypto/jws.go:156.35,158.5 1 0
vc/pkg/didcomm/crypto/jws.go:159.4,159.92 1 0
vc/pkg/didcomm/crypto/jws.go:161.10,162.94 1 0
vc/pkg/didcomm/crypto/jws.go:167.72,168.13 1 6
vc/pkg/didcomm/crypto/jws.go:169.15,170.26 1 1
vc/pkg/didcomm/crypto/jws.go:171.15,172.26 1 2
vc/pkg/didcomm/crypto/jws.go:173.16,174.27 1 1
vc/pkg/didcomm/crypto/jws.go:175.15,176.26 1 1
vc/pkg/didcomm/crypto/jws.go:177.10,178.91 1 1
vc/pkg/didcomm/crypto/secp256k1.go:42.64,44.16 2 0
vc/pkg/didcomm/crypto/secp256k1.go:44.16,46.3 1 0
vc/pkg/didcomm/crypto/secp256k1.go:48.2,55.8 3 0
vc/pkg/didcomm/crypto/secp256k1.go:59.64,68.2 3 0
vc/pkg/didcomm/crypto/secp256k1.go:71.79,77.19 2 0
vc/pkg/didcomm/crypto/secp256k1.go:77.19,79.3 1 0
vc/pkg/didcomm/crypto/secp256k1.go:81.2,82.16 2 0
vc/pkg/didcomm/crypto/secp256k1.go:82.16,84.3 1 0
vc/pkg/didcomm/crypto/secp256k1.go:87.2,93.16 5 0
vc/pkg/didcomm/crypto/secp256k1.go:93.16,95.3 1 0
vc/pkg/didcomm/crypto/secp256k1.go:98.2,101.32 3 0
vc/pkg/didcomm/crypto/secp256k1.go:105.42,107.2 1 0
vc/pkg/didcomm/crypto/secp256k1.go:110.56,112.2 1 0
vc/pkg/didcomm/crypto/secp256k1.go:121.68,123.16 2 0
vc/pkg/didcomm/crypto/secp256k1.go:123.16,125.3 1 0
vc/pkg/didcomm/crypto/secp256k1.go:127.2,133.8 3 0
vc/pkg/didcomm/crypto/secp256k1.go:137.69,143.16 3 0
vc/pkg/didcomm/crypto/secp256k1.go:143.16,145.3 1 0
vc/pkg/didcomm/crypto/secp256k1.go:148.2,148.39 1 0
vc/pkg/didcomm/crypto/secp256k1.go:148.39,150.3 1 0
vc/pkg/didcomm/crypto/secp256k1.go:152.2,152.12 1 0
vc/pkg/didcomm/crypto/secp256k1.go:156.74,159.21 2 0
vc/pkg/didcomm/crypto/secp256k1.go:159.21,161.3 1 0
vc/pkg/didcomm/crypto/secp256k1.go:164.2,165.16 2 0
vc/pkg/didcomm/crypto/secp256k1.go:165.16,167.3 1 0
vc/pkg/didcomm/crypto/secp256k1.go:169.2,170.61 2 0
vc/pkg/didcomm/crypto/secp256k1.go:170.61,172.3 1 0
vc/pkg/didcomm/crypto/secp256k1.go:174.2,175.21 2 0
vc/pkg/didcomm/crypto/secp256k1.go:175.21,177.3 1 0
vc/pkg/didcomm/crypto/secp256k1.go:180.2,181.16 2 0
vc/pkg/didcomm/crypto/secp256k1.go:181.16,183.3 1 0
vc/pkg/didcomm/crypto/secp256k1.go:186.2,187.16 2 0
vc/pkg/didcomm/crypto/secp256k1.go:187.16,189.3 1 0
vc/pkg/didcomm/crypto/secp256k1.go:192.2,193.66 2 0
vc/pkg/didcomm/crypto/secp256k1.go:193.66,195.3 1 0
vc/pkg/didcomm/crypto/secp256k1.go:197.2,197.21 1 0
vc/pkg/didcomm/crypto/secp256k1.go:201.37,204.25 3 0
vc/pkg/didcomm/crypto/secp256k1.go:204.25,205.15 1 0
vc/pkg/didcomm/crypto/secp256k1.go:205.15,208.4 2 0
vc/pkg/didcomm/crypto/secp256k1.go:210.2,211.14 2 0
vc/pkg/didcomm/crypto/secp256k1.go:215.77,218.45 2 0
vc/pkg/didcomm/crypto/secp256k1.go:218.45,220.3 1 0
vc/pkg/didcomm/crypto/secp256k1.go:221.2,221.27 1 0
vc/pkg/didcomm/crypto/secp256k1.go:221.27,223.3 1 0
vc/pkg/didcomm/crypto/secp256k1.go:226.2,227.41 2 0
vc/pkg/didcomm/crypto/secp256k1.go:227.41,229.3 1 0
vc/pkg/didcomm/crypto/secp256k1.go:232.2,233.21 2 0
vc/pkg/didcomm/crypto/secp256k1.go:237.75,240.45 2 0
vc/pkg/didcomm/crypto/secp256k1.go:240.45,242.3 1 0
vc/pkg/didcomm/crypto/secp256k1.go:243.2,243.27 1 0
vc/pkg/didcomm/crypto/secp256k1.go:243.27,245.3 1 0
vc/pkg/didcomm/crypto/secp256k1.go:248.2,249.41 2 0
vc/pkg/didcomm/crypto/secp256k1.go:249.41,251.3 1 0
vc/pkg/didcomm/crypto/secp256k1.go:252.2,252.41 1 0
vc/pkg/didcomm/crypto/secp256k1.go:252.41,254.3 1 0
vc/pkg/didcomm/crypto/secp256k1.go:257.2,269.16 10 0
vc/pkg/didcomm/crypto/secp256k1.go:269.16,271.3 1 0
vc/pkg/didcomm/crypto/secp256k1.go:273.2,273.20 1 0
vc/pkg/didcomm/crypto/secp256k1.go:277.91,295.17 8 0
vc/pkg/didcomm/crypto/secp256k1.go:295.17,297.3 1 0
vc/pkg/didcomm/crypto/secp256k1.go:299.2,300.16 2 0
vc/pkg/didcomm/crypto/secp256k1.go:300.16,302.3 1 0
vc/pkg/didcomm/crypto/secp256k1.go:304.2,305.16 2 0
vc/pkg/didcomm/crypto/secp256k1.go:305.16,307.3 1 0
vc/pkg/didcomm/crypto/secp256k1.go:309.2,309.17 1 0
vc/pkg/didcomm/crypto/secp256k1.go:313.31,314.18 1 0
vc/pkg/didcomm/crypto/secp256k1.go:314.18,316.3 1 0
vc/pkg/didcomm/crypto/secp256k1.go:317.2,319.15 3 0
vc/pkg/didcomm/crypto/secp256k1.go:323.53,335.2 8 0
vc/pkg/didcomm/crypto/secp256k1.go:338.65,339.20 1 0
vc/pkg/didcomm/crypto/secp256k1.go:339.20,341.3 1 0
vc/pkg/didcomm/crypto/secp256k1.go:343.2,349.42 5 0
vc/pkg/didcomm/crypto/secp256k1.go:353.46,355.2 1 0
vc/pkg/didcomm/crypto/secp256k1.go:358.64,360.16 2 0
vc/pkg/didcomm/crypto/secp256k1.go:360.16,362.3 1 0
vc/pkg/didcomm/crypto/secp256k1.go:364.2,364.50 1 0
vc/pkg/didcomm/crypto/secp256k1.go:368.94,383.17 6 0
vc/pkg/didcomm/crypto/secp256k1.go:383.17,385.3 1 0
vc/pkg/didcomm/crypto/secp256k1.go:387.2,388.16 2 0
vc/pkg/didcomm/crypto/secp256k1.go:388.16,390.3 1 0
vc/pkg/didcomm/crypto/secp256k1.go:392.2,393.16 2 0
vc/pkg/didcomm/crypto/secp256k1.go:393.16,395.3 1 0
vc/pkg/didcomm/crypto/secp256k1.go:397.2,397.17 1 0
vc/pkg/didcomm/crypto/secp256k1.go:401.45,403.40 2 0
vc/pkg/didcomm/crypto/secp256k1.go:403.40,405.3 1 0
vc/pkg/didcomm/crypto/secp256k1.go:406.2,406.15 1 0
vc/pkg/didcomm/crypto/xchacha20.go:44.47,45.30 1 28
vc/pkg/didcomm/crypto/xchacha20.go:45.30,48.3 1 0
vc/pkg/didcomm/crypto/xchacha20.go:50.2,51.16 2 28
vc/pkg/didcomm/crypto/xchacha20.go:51.16,53.3 1 0
vc/pkg/didcomm/crypto/xchacha20.go:55.2,55.36 1 28
vc/pkg/didcomm/crypto/xchacha20.go:63.68,66.59 2 3
vc/pkg/didcomm/crypto/xchacha20.go:66.59,68.3 1 0
vc/pkg/didcomm/crypto/xchacha20.go:70.2,70.50 1 3
vc/pkg/didcomm/crypto/xchacha20.go:78.84,79.34 1 3
vc/pkg/didcomm/crypto/xchacha20.go:79.34,82.3 1 0
vc/pkg/didcomm/crypto/xchacha20.go:86.2,88.24 2 3
vc/pkg/didcomm/crypto/xchacha20.go:93.103,94.34 1 10
vc/pkg/didcomm/crypto/xchacha20.go:94.34,97.3 1 0
vc/pkg/didcomm/crypto/xchacha20.go:100.2,103.32 2 10
vc/pkg/didcomm/crypto/xchacha20.go:103.32,105.3 1 0
vc/pkg/didcomm/crypto/xchacha20.go:106.2,109.29 3 10
vc/pkg/didcomm/crypto/xchacha20.go:114.89,115.34 1 15
vc/pkg/didcomm/crypto/xchacha20.go:115.34,118.3 1 0
vc/pkg/didcomm/crypto/xchacha20.go:119.2,119.30 1 15
vc/pkg/didcomm/crypto/xchacha20.go:119.30,122.3 1 0
vc/pkg/didcomm/crypto/xchacha20.go:125.2,128.16 3 15
vc/pkg/didcomm/crypto/xchacha20.go:128.16,130.3 1 0
vc/pkg/didcomm/crypto/xchacha20.go:132.2,132.23 1 15
vc/pkg/didcomm/crypto/xchacha20.go:137.69,138.51 1 3
vc/pkg/didcomm/crypto/xchacha20.go:138.51,140.3 1 0
vc/pkg/didcomm/crypto/xchacha20.go:143.2,146.54 3 3
vc/pkg/didcomm/crypto/xchacha20.go:152.85,153.34 1 3
vc/pkg/didcomm/crypto/xchacha20.go:153.34,156.3 1 0
vc/pkg/didcomm/crypto/xchacha20.go:158.2,158.36 1 3
vc/pkg/didcomm/crypto/xchacha20.go:158.36,160.3 1 0
vc/pkg/didcomm/crypto/xchacha20.go:162.2,163.16 2 3
vc/pkg/didcomm/crypto/xchacha20.go:163.16,165.3 1 0
vc/pkg/didcomm/crypto/xchacha20.go:167.2,167.23 1 3
vc/pkg/didcomm/crypto/xchacha20.go:171.35,173.2 1 0
vc/pkg/didcomm/crypto/xchacha20.go:176.37,178.2 1 0
vc/pkg/didcomm/crypto/xchacha20.go:181.36,183.2 1 0
vc/pkg/didcomm/crypto/xchacha20.go:213.82,214.19 1 1
vc/pkg/didcomm/crypto/xchacha20.go:215.16,216.23 1 1
vc/pkg/didcomm/crypto/xchacha20.go:217.64,219.96 1 0
vc/pkg/didcomm/crypto/xchacha20.go:220.10,221.71 1 0
vc/pkg/didcomm/packer.go:61.93,62.39 1 0
vc/pkg/didcomm/packer.go:62.39,64.3 1 0
vc/pkg/didcomm/packer.go:67.2,68.16 2 0
vc/pkg/didcomm/packer.go:68.16,70.3 1 0
vc/pkg/didcomm/packer.go:72.2,78.53 2 0
vc/pkg/didcomm/packer.go:78.53,80.17 2 0
vc/pkg/didcomm/packer.go:80.17,82.4 1 0
vc/pkg/didcomm/packer.go:83.3,88.57 4 0
vc/pkg/didcomm/packer.go:88.57,90.4 1 0
vc/pkg/didcomm/packer.go:94.2,94.62 1 0
vc/pkg/didcomm/packer.go:94.62,97.30 2 0
vc/pkg/didcomm/packer.go:98.20,99.47 1 0
vc/pkg/didcomm/packer.go:100.20,101.29 1 0
vc/pkg/didcomm/packer.go:101.29,103.5 1 0
vc/pkg/didcomm/packer.go:104.4,105.22 2 0
vc/pkg/didcomm/packer.go:105.22,107.5 1 0
vc/pkg/didcomm/packer.go:108.4,108.64 1 0
vc/pkg/didcomm/packer.go:109.11,110.78 1 0
vc/pkg/didcomm/packer.go:113.3,114.17 2 0
vc/pkg/didcomm/packer.go:114.17,116.4 1 0
vc/pkg/didcomm/packer.go:117.3,121.42 3 0
vc/pkg/didcomm/packer.go:121.42,123.47 2 0
vc/pkg/didcomm/packer.go:123.47,125.5 1 0
vc/pkg/didcomm/packer.go:129.2,129.20 1 0
vc/pkg/didcomm/packer.go:172.90,181.37 4 2
vc/pkg/didcomm/packer.go:181.37,182.27 1 0
vc/pkg/didcomm/packer.go:182.27,184.4 1 0
vc/pkg/didcomm/packer.go:186.3,187.17 2 0
vc/pkg/didcomm/packer.go:187.17,189.4 1 0
vc/pkg/didcomm/packer.go:191.3,193.43 3 0
vc/pkg/didcomm/packer.go:194.8,194.33 1 2
vc/pkg/didcomm/packer.go:194.33,196.3 1 1
vc/pkg/didcomm/packer.go:199.2,199.34 1 1
vc/pkg/didcomm/packer.go:199.34,200.30 1 0
vc/pkg/didcomm/packer.go:200.30,202.4 1 0
vc/pkg/didcomm/packer.go:204.3,205.17 2 0
vc/pkg/didcomm/packer.go:205.17,207.4 1 0
vc/pkg/didcomm/packer.go:209.3,210.26 2 0
vc/pkg/didcomm/packer.go:211.8,211.30 1 1
vc/pkg/didcomm/packer.go:211.30,213.3 1 0
vc/pkg/didcomm/packer.go:216.2,217.16 2 1
vc/pkg/didcomm/packer.go:217.16,219.3 1 0
vc/pkg/didcomm/packer.go:221.2,222.20 2 1
vc/pkg/didcomm/packer.go:226.42,229.51 2 8
vc/pkg/didcomm/packer.go:229.51,232.3 1 3
vc/pkg/didcomm/packer.go:235.2,235.55 1 5
vc/pkg/didcomm/packer.go:235.55,236.59 1 1
vc/pkg/didcomm/packer.go:236.59,238.4 1 1
vc/pkg/didcomm/packer.go:242.2,242.49 1 4
vc/pkg/didcomm/packer.go:242.49,243.59 1 1
vc/pkg/didcomm/packer.go:243.59,245.4 1 1
vc/pkg/didcomm/packer.go:249.2,249.34 1 3
vc/pkg/didcomm/packer.go:249.34,250.41 1 3
vc/pkg/didcomm/packer.go:250.41,252.4 1 3
vc/pkg/didcomm/packer.go:255.2,255.11 1 0
vc/pkg/didcomm/packer.go:259.46,264.24 3 3
vc/pkg/didcomm/packer.go:264.24,265.15 1 122
vc/pkg/didcomm/packer.go:265.15,267.4 1 6
vc/pkg/didcomm/packer.go:271.2,271.15 1 3
vc/pkg/didcomm/packer.go:271.15,273.3 1 1
vc/pkg/didcomm/packer.go:276.2,276.15 1 2
vc/pkg/didcomm/packer.go:276.15,278.3 1 1
vc/pkg/didcomm/packer.go:280.2,280.11 1 1
vc/pkg/didcomm/packer.go:284.63,285.39 1 4
vc/pkg/didcomm/packer.go:285.39,287.3 1 1
vc/pkg/didcomm/packer.go:289.2,290.16 2 3
vc/pkg/didcomm/packer.go:290.16,292.3 1 0
vc/pkg/didcomm/packer.go:294.2,297.8 1 3
vc/pkg/didcomm/packer.go:301.100,306.2 1 0
vc/pkg/didcomm/packer.go:309.109,314.2 1 0
vc/pkg/didcomm/packer.go:317.128,323.2 1 0
vc/pkg/didcomm/resolver.go:26.43,31.2 2 0
vc/pkg/didcomm/resolver.go:35.63,39.2 1 0
vc/pkg/didcomm/resolver.go:90.100,97.16 2 0
vc/pkg/didcomm/resolver.go:97.16,100.17 2 0
vc/pkg/didcomm/resolver.go:100.17,109.4 1 0
vc/pkg/didcomm/resolver.go:113.2,114.16 2 0
vc/pkg/didcomm/resolver.go:114.16,116.17 2 0
vc/pkg/didcomm/resolver.go:116.17,125.4 1 0
vc/pkg/didcomm/resolver.go:128.2,128.96 1 0
vc/pkg/didcomm/resolver.go:133.100,138.16 3 0
vc/pkg/didcomm/resolver.go:138.16,145.3 1 0
vc/pkg/didcomm/resolver.go:148.2,149.16 2 0
vc/pkg/didcomm/resolver.go:149.16,156.3 1 0
vc/pkg/didcomm/resolver.go:158.2,158.20 1 0
vc/pkg/didcomm/resolver.go:158.20,160.3 1 0
vc/pkg/didcomm/resolver.go:162.2,162.18 1 0
vc/pkg/didcomm/resolver.go:166.93,171.2 1 0
vc/pkg/didcomm/resolver.go:183.81,184.41 1 104
vc/pkg/didcomm/resolver.go:184.41,186.3 1 2
vc/pkg/didcomm/resolver.go:191.2,192.16 2 102
vc/pkg/didcomm/resolver.go:192.16,194.3 1 0
vc/pkg/didcomm/resolver.go:198.2,200.43 2 102
vc/pkg/didcomm/resolver.go:204.76,206.2 1 0
vc/pkg/didcomm/protocol/oob/oob.go:60.49,61.35 1 2
vc/pkg/didcomm/protocol/oob/oob.go:61.35,63.3 1 2
vc/pkg/didcomm/protocol/oob/oob.go:67.45,68.35 1 2
vc/pkg/didcomm/protocol/oob/oob.go:68.35,70.3 1 2
vc/pkg/didcomm/protocol/oob/oob.go:74.47,75.35 1 0
vc/pkg/didcomm/protocol/oob/oob.go:75.35,77.3 1 0
vc/pkg/didcomm/protocol/oob/oob.go:81.56,82.35 1 1
vc/pkg/didcomm/protocol/oob/oob.go:82.35,84.3 1 1
vc/pkg/didcomm/protocol/oob/oob.go:88.67,89.35 1 1
vc/pkg/didcomm/protocol/oob/oob.go:89.35,91.3 1 1
vc/pkg/didcomm/protocol/oob/oob.go:95.74,96.35 1 0
vc/pkg/didcomm/protocol/oob/oob.go:96.35,98.3 1 0
vc/pkg/didcomm/protocol/oob/oob.go:102.85,110.27 2 6
vc/pkg/didcomm/protocol/oob/oob.go:110.27,112.3 1 6
vc/pkg/didcomm/protocol/oob/oob.go:114.2,128.42 4 6
vc/pkg/didcomm/protocol/oob/oob.go:128.42,130.3 1 0
vc/pkg/didcomm/protocol/oob/oob.go:132.2,132.30 1 6
vc/pkg/didcomm/protocol/oob/oob.go:132.30,134.3 1 0
vc/pkg/didcomm/protocol/oob/oob.go:136.2,136.17 1 6
vc/pkg/didcomm/protocol/oob/oob.go:140.46,142.2 1 11
vc/pkg/didcomm/protocol/oob/oob.go:146.72,147.24 1 2
vc/pkg/didcomm/protocol/oob/oob.go:147.24,149.3 1 1
vc/pkg/didcomm/protocol/oob/oob.go:152.2,153.16 2 1
vc/pkg/didcomm/protocol/oob/oob.go:153.16,155.3 1 0
vc/pkg/didcomm/protocol/oob/oob.go:158.2,162.16 3 1
vc/pkg/didcomm/protocol/oob/oob.go:162.16,164.3 1 0
vc/pkg/didcomm/protocol/oob/oob.go:166.2,170.24 4 1
vc/pkg/didcomm/protocol/oob/oob.go:174.57,175.24 1 1
vc/pkg/didcomm/protocol/oob/oob.go:175.24,177.3 1 0
vc/pkg/didcomm/protocol/oob/oob.go:179.2,180.16 2 1
vc/pkg/didcomm/protocol/oob/oob.go:180.16,182.3 1 0
vc/pkg/didcomm/protocol/oob/oob.go:184.2,184.31 1 1
vc/pkg/didcomm/protocol/oob/oob.go:188.61,190.16 2 2
vc/pkg/didcomm/protocol/oob/oob.go:190.16,192.3 1 0
vc/pkg/didcomm/protocol/oob/oob.go:194.2,195.19 2 2
vc/pkg/didcomm/protocol/oob/oob.go:195.19,197.3 1 1
vc/pkg/didcomm/protocol/oob/oob.go:199.2,199.34 1 1
vc/pkg/didcomm/protocol/oob/oob.go:203.65,210.16 5 1
vc/pkg/didcomm/protocol/oob/oob.go:210.16,212.3 1 0
vc/pkg/didcomm/protocol/oob/oob.go:214.2,214.34 1 1
vc/pkg/didcomm/protocol/oob/oob.go:218.65,220.16 2 3
vc/pkg/didcomm/protocol/oob/oob.go:220.16,222.3 1 0
vc/pkg/didcomm/protocol/oob/oob.go:224.2,224.24 1 3
vc/pkg/didcomm/protocol/oob/oob.go:224.24,226.3 1 1
vc/pkg/didcomm/protocol/oob/oob.go:228.2,228.17 1 2
vc/pkg/didcomm/protocol/oob/oob.go:232.71,233.24 1 3
vc/pkg/didcomm/protocol/oob/oob.go:233.24,235.3 1 0
vc/pkg/didcomm/protocol/oob/oob.go:237.2,238.43 2 3
vc/pkg/didcomm/protocol/oob/oob.go:238.43,240.3 1 0
vc/pkg/didcomm/protocol/oob/oob.go:242.2,242.19 1 3
vc/pkg/didcomm/protocol/trustping/trustping.go:56.55,57.29 1 3
vc/pkg/didcomm/protocol/trustping/trustping.go:57.29,59.3 1 3
vc/pkg/didcomm/protocol/trustping/trustping.go:63.45,64.29 1 1
vc/pkg/didcomm/protocol/trustping/trustping.go:64.29,66.3 1 1
vc/pkg/didcomm/protocol/trustping/trustping.go:70.77,74.27 2 7
vc/pkg/didcomm/protocol/trustping/trustping.go:74.27,76.3 1 4
vc/pkg/didcomm/protocol/trustping/trustping.go:78.2,91.42 4 7
vc/pkg/didcomm/protocol/trustping/trustping.go:91.42,93.3 1 0
vc/pkg/didcomm/protocol/trustping/trustping.go:95.2,95.17 1 7
vc/pkg/didcomm/protocol/trustping/trustping.go:99.87,100.27 1 4
vc/pkg/didcomm/protocol/trustping/trustping.go:100.27,102.3 1 1
vc/pkg/didcomm/protocol/trustping/trustping.go:105.2,106.22 2 3
vc/pkg/didcomm/protocol/trustping/trustping.go:106.22,108.3 1 3
vc/pkg/didcomm/protocol/trustping/trustping.go:110.2,117.16 3 3
vc/pkg/didcomm/protocol/trustping/trustping.go:117.16,119.3 1 3
vc/pkg/didcomm/protocol/trustping/trustping.go:120.2,120.14 1 3
vc/pkg/didcomm/protocol/trustping/trustping.go:120.14,122.3 1 3
vc/pkg/didcomm/protocol/trustping/trustping.go:124.2,126.19 2 3
vc/pkg/didcomm/protocol/trustping/trustping.go:126.19,128.43 2 1
vc/pkg/didcomm/protocol/trustping/trustping.go:128.43,130.4 1 0
vc/pkg/didcomm/protocol/trustping/trustping.go:133.2,133.17 1 3
vc/pkg/didcomm/protocol/trustping/trustping.go:137.40,139.2 1 4
vc/pkg/didcomm/protocol/trustping/trustping.go:142.48,144.2 1 2
vc/pkg/didcomm/protocol/trustping/trustping.go:147.51,148.26 1 3
vc/pkg/didcomm/protocol/trustping/trustping.go:148.26,150.3 1 0
vc/pkg/didcomm/protocol/trustping/trustping.go:152.2,153.43 2 3
vc/pkg/didcomm/protocol/trustping/trustping.go:153.43,156.3 1 0
vc/pkg/didcomm/protocol/trustping/trustping.go:158.2,158.31 1 3
vc/pkg/didcomm/protocol/trustping/trustping.go:163.66,164.19 1 2
vc/pkg/didcomm/protocol/trustping/trustping.go:164.19,166.3 1 0
vc/pkg/didcomm/protocol/trustping/trustping.go:168.2,168.30 1 2
vc/pkg/didcomm/protocol/trustping/trustping.go:168.30,170.3 1 1
vc/pkg/didcomm/protocol/trustping/trustping.go:172.2,172.34 1 1
vc/pkg/didcomm/agent/agent.go:62.33,63.24 1 2
vc/pkg/didcomm/agent/agent.go:63.24,65.3 1 2
vc/pkg/didcomm/agent/agent.go:69.39,70.24 1 0
vc/pkg/didcomm/agent/agent.go:70.24,72.3 1 0
vc/pkg/didcomm/agent/agent.go:76.45,77.24 1 0
vc/pkg/didcomm/agent/agent.go:77.24,79.3 1 0
vc/pkg/didcomm/agent/agent.go:83.55,84.24 1 0
vc/pkg/didcomm/agent/agent.go:84.24,86.3 1 0
vc/pkg/didcomm/agent/agent.go:90.58,91.24 1 0
vc/pkg/didcomm/agent/agent.go:91.24,93.3 1 0
vc/pkg/didcomm/agent/agent.go:97.42,104.27 2 6
vc/pkg/didcomm/agent/agent.go:104.27,106.3 1 2
vc/pkg/didcomm/agent/agent.go:109.2,111.15 2 6
vc/pkg/didcomm/agent/agent.go:115.30,117.2 1 1
vc/pkg/didcomm/agent/agent.go:120.77,124.2 3 13
vc/pkg/didcomm/agent/agent.go:127.63,129.2 1 1
vc/pkg/didcomm/agent/agent.go:132.43,140.2 4 6
vc/pkg/didcomm/agent/agent.go:143.102,145.2 1 1
vc/pkg/didcomm/agent/agent.go:148.109,150.2 1 0
vc/pkg/didcomm/agent/agent.go:153.102,154.31 1 0
vc/pkg/didcomm/agent/agent.go:154.31,156.3 1 0
vc/pkg/didcomm/agent/agent.go:159.2,160.16 2 0
vc/pkg/didcomm/agent/agent.go:160.16,162.3 1 0
vc/pkg/didcomm/agent/agent.go:165.2,170.16 4 0
vc/pkg/didcomm/agent/agent.go:170.16,172.3 1 0
vc/pkg/didcomm/agent/agent.go:175.2,176.16 2 0
vc/pkg/didcomm/agent/agent.go:176.16,178.3 1 0
vc/pkg/didcomm/agent/agent.go:181.2,181.26 1 0
vc/pkg/didcomm/agent/agent.go:181.26,183.3 1 0
vc/pkg/didcomm/agent/agent.go:186.2,187.16 2 0
vc/pkg/didcomm/agent/agent.go:187.16,189.3 1 0
vc/pkg/didcomm/agent/agent.go:191.2,191.28 1 0
vc/pkg/didcomm/agent/agent.go:195.112,197.26 1 0
vc/pkg/didcomm/agent/agent.go:197.26,199.43 2 0
vc/pkg/didcomm/agent/agent.go:199.43,201.4 1 0
vc/pkg/didcomm/agent/agent.go:205.2,205.35 1 0
vc/pkg/didcomm/agent/agent.go:209.96,212.23 2 2
vc/pkg/didcomm/agent/agent.go:212.23,214.3 1 0
vc/pkg/didcomm/agent/agent.go:216.2,216.40 1 2
vc/pkg/didcomm/agent/agent.go:224.90,226.2 1 0
vc/pkg/didcomm/agent/agent.go:228.76,232.9 1 0
vc/pkg/didcomm/agent/agent.go:232.9,234.3 1 0
vc/pkg/didcomm/agent/agent.go:236.2,236.17 1 0
vc/pkg/didcomm/agent/agent.go:240.108,243.16 2 2
vc/pkg/didcomm/agent/agent.go:243.16,245.3 1 0
vc/pkg/didcomm/agent/agent.go:248.2,252.13 4 2
vc/pkg/didcomm/agent/agent.go:252.13,254.3 1 1
vc/pkg/didcomm/agent/agent.go:257.2,258.16 2 1
vc/pkg/didcomm/agent/agent.go:258.16,260.3 1 0
vc/pkg/didcomm/agent/agent.go:263.2,263.21 1 1
vc/pkg/didcomm/agent/agent.go:263.21,265.3 1 0
vc/pkg/didcomm/agent/agent.go:268.2,269.55 2 1
vc/pkg/didcomm/agent/agent.go:269.55,271.43 2 0
vc/pkg/didcomm/agent/agent.go:271.43,273.18 2 0
vc/pkg/didcomm/agent/agent.go:273.18,275.5 1 0
vc/pkg/didcomm/agent/agent.go:280.2,281.16 2 1
vc/pkg/didcomm/agent/agent.go:281.16,283.3 1 0
vc/pkg/didcomm/agent/agent.go:285.2,285.46 1 1
vc/pkg/didcomm/agent/agent.go:289.44,291.2 1 0
vc/pkg/didcomm/agent/agent.go:294.113,296.16 2 0
vc/pkg/didcomm/agent/agent.go:296.16,298.3 1 0
vc/pkg/didcomm/agent/agent.go:299.2,299.30 1 0
vc/pkg/didcomm/agent/agent.go:303.122,305.16 2 0
vc/pkg/didcomm/agent/agent.go:305.16,307.3 1 0
vc/pkg/didcomm/agent/agent.go:309.2,310.16 2 0
vc/pkg/didcomm/agent/agent.go:310.16,312.3 1 0
vc/pkg/didcomm/agent/agent.go:314.2,314.21 1 0
vc/pkg/didcomm/agent/agent.go:314.21,316.3 1 0
vc/pkg/didcomm/agent/agent.go:318.2,318.51 1 0
vc/pkg/didcomm/protocol/discoverfeatures/discoverfeatures.go:67.49,68.30 1 7
vc/pkg/didcomm/protocol/discoverfeatures/discoverfeatures.go:68.30,73.3 1 7
vc/pkg/didcomm/protocol/discoverfeatures/discoverfeatures.go:77.49,78.30 1 2
vc/pkg/didcomm/protocol/discoverfeatures/discoverfeatures.go:78.30,83.3 1 2
vc/pkg/didcomm/protocol/discoverfeatures/discoverfeatures.go:87.54,88.30 1 1
vc/pkg/didcomm/protocol/discoverfeatures/discoverfeatures.go:88.30,93.3 1 1
vc/pkg/didcomm/protocol/discoverfeatures/discoverfeatures.go:97.79,99.27 2 9
vc/pkg/didcomm/protocol/discoverfeatures/discoverfeatures.go:99.27,101.3 1 10
vc/pkg/didcomm/protocol/discoverfeatures/discoverfeatures.go:103.2,103.27 1 9
vc/pkg/didcomm/protocol/discoverfeatures/discoverfeatures.go:103.27,105.3 1 1
vc/pkg/didcomm/protocol/discoverfeatures/discoverfeatures.go:107.2,119.42 4 8
vc/pkg/didcomm/protocol/discoverfeatures/discoverfeatures.go:119.42,121.3 1 0
vc/pkg/didcomm/protocol/discoverfeatures/discoverfeatures.go:123.2,123.17 1 8
vc/pkg/didcomm/protocol/discoverfeatures/discoverfeatures.go:127.88,128.21 1 5
vc/pkg/didcomm/protocol/discoverfeatures/discoverfeatures.go:128.21,130.3 1 0
vc/pkg/didcomm/protocol/discoverfeatures/discoverfeatures.go:133.2,134.23 2 5
vc/pkg/didcomm/protocol/discoverfeatures/discoverfeatures.go:134.23,136.3 1 5
vc/pkg/didcomm/protocol/discoverfeatures/discoverfeatures.go:138.2,149.16 4 5
vc/pkg/didcomm/protocol/discoverfeatures/discoverfeatures.go:149.16,151.3 1 5
vc/pkg/didcomm/protocol/discoverfeatures/discoverfeatures.go:152.2,152.14 1 5
vc/pkg/didcomm/protocol/discoverfeatures/discoverfeatures.go:152.14,154.3 1 5
vc/pkg/didcomm/protocol/discoverfeatures/discoverfeatures.go:156.2,158.42 2 5
vc/pkg/didcomm/protocol/discoverfeatures/discoverfeatures.go:158.42,160.3 1 0
vc/pkg/didcomm/protocol/discoverfeatures/discoverfeatures.go:162.2,162.17 1 5
vc/pkg/didcomm/protocol/discoverfeatures/discoverfeatures.go:166.41,168.2 1 12
vc/pkg/didcomm/protocol/discoverfeatures/discoverfeatures.go:171.44,173.2 1 6
vc/pkg/didcomm/protocol/discoverfeatures/discoverfeatures.go:176.61,177.19 1 5
vc/pkg/didcomm/protocol/discoverfeatures/discoverfeatures.go:177.19,179.3 1 0
vc/pkg/didcomm/protocol/discoverfeatures/discoverfeatures.go:181.2,182.43 2 5
vc/pkg/didcomm/protocol/discoverfeatures/discoverfeatures.go:182.43,184.3 1 0
vc/pkg/didcomm/protocol/discoverfeatures/discoverfeatures.go:186.2,186.19 1 5
vc/pkg/didcomm/protocol/discoverfeatures/discoverfeatures.go:190.67,191.22 1 4
vc/pkg/didcomm/protocol/discoverfeatures/discoverfeatures.go:191.22,193.3 1 0
vc/pkg/didcomm/protocol/discoverfeatures/discoverfeatures.go:195.2,196.43 2 4
vc/pkg/didcomm/protocol/discoverfeatures/discoverfeatures.go:196.43,198.3 1 0
vc/pkg/didcomm/protocol/discoverfeatures/discoverfeatures.go:200.2,200.19 1 4
vc/pkg/didcomm/protocol/discoverfeatures/discoverfeatures.go:210.46,212.2 1 3
vc/pkg/didcomm/protocol/discoverfeatures/discoverfeatures.go:215.74,221.2 1 6
vc/pkg/didcomm/protocol/discoverfeatures/discoverfeatures.go:224.58,229.2 1 5
vc/pkg/didcomm/protocol/discoverfeatures/discoverfeatures.go:232.90,234.16 2 3
vc/pkg/didcomm/protocol/discoverfeatures/discoverfeatures.go:234.16,236.3 1 0
vc/pkg/didcomm/protocol/discoverfeatures/discoverfeatures.go:238.2,240.38 2 3
vc/pkg/didcomm/protocol/discoverfeatures/discoverfeatures.go:240.38,241.24 1 3
vc/pkg/didcomm/protocol/discoverfeatures/discoverfeatures.go:242.28,243.34 1 2
vc/pkg/didcomm/protocol/discoverfeatures/discoverfeatures.go:243.34,244.36 1 6
vc/pkg/didcomm/protocol/discoverfeatures/discoverfeatures.go:244.36,246.6 1 5
vc/pkg/didcomm/protocol/discoverfeatures/discoverfeatures.go:248.28,249.34 1 1
vc/pkg/didcomm/protocol/discoverfeatures/discoverfeatures.go:249.34,250.36 1 3
vc/pkg/didcomm/protocol/discoverfeatures/discoverfeatures.go:250.36,252.6 1 2
vc/pkg/didcomm/protocol/discoverfeatures/discoverfeatures.go:257.2,257.40 1 3
vc/pkg/didcomm/protocol/discoverfeatures/discoverfeatures.go:262.47,263.37 1 17
vc/pkg/didcomm/protocol/discoverfeatures/discoverfeatures.go:263.37,265.3 1 5
vc/pkg/didcomm/protocol/discoverfeatures/discoverfeatures.go:268.2,268.37 1 12
vc/pkg/didcomm/protocol/discoverfeatures/discoverfeatures.go:268.37,271.3 2 10
vc/pkg/didcomm/protocol/discoverfeatures/discoverfeatures.go:274.2,274.25 1 2
vc/pkg/didcomm/transport/http_client.go:26.59,27.29 1 0
vc/pkg/didcomm/transport/http_client.go:27.29,29.3 1 0
vc/pkg/didcomm/transport/http_client.go:33.58,34.29 1 0
vc/pkg/didcomm/transport/http_client.go:34.29,36.3 1 0
vc/pkg/didcomm/transport/http_client.go:40.55,41.29 1 1
vc/pkg/didcomm/transport/http_client.go:41.29,43.3 1 1
vc/pkg/didcomm/transport/http_client.go:47.58,54.27 2 4
vc/pkg/didcomm/transport/http_client.go:54.27,56.3 1 1
vc/pkg/didcomm/transport/http_client.go:57.2,57.10 1 4
vc/pkg/didcomm/transport/http_client.go:88.88,89.24 1 3
vc/pkg/didcomm/transport/http_client.go:89.24,91.3 1 1
vc/pkg/didcomm/transport/http_client.go:93.2,93.25 1 2
vc/pkg/didcomm/transport/http_client.go:93.25,95.3 1 0
vc/pkg/didcomm/transport/http_client.go:97.2,98.16 2 2
vc/pkg/didcomm/transport/http_client.go:98.16,100.3 1 0
vc/pkg/didcomm/transport/http_client.go:102.2,103.23 2 2
vc/pkg/didcomm/transport/http_client.go:103.23,105.3 1 2
vc/pkg/didcomm/transport/http_client.go:108.2,108.22 1 2
vc/pkg/didcomm/transport/http_client.go:108.22,110.3 1 1
vc/pkg/didcomm/transport/http_client.go:112.2,113.16 2 2
vc/pkg/didcomm/transport/http_client.go:113.16,115.3 1 0
vc/pkg/didcomm/transport/http_client.go:116.2,119.16 3 2
vc/pkg/didcomm/transport/http_client.go:119.16,121.3 1 0
vc/pkg/didcomm/transport/http_client.go:123.2,127.8 1 2
vc/pkg/didcomm/transport/http_client.go:131.122,138.16 2 1
vc/pkg/didcomm/transport/http_client.go:138.16,140.3 1 0
vc/pkg/didcomm/transport/http_client.go:145.2,145.44 1 1
vc/pkg/didcomm/transport/http_client.go:145.44,147.3 1 1
vc/pkg/didcomm/transport/http_client.go:149.2,149.38 1 0
vc/pkg/didcomm/transport/http_client.go:149.38,151.3 1 0
vc/pkg/didcomm/transport/http_client.go:153.2,153.23 1 0
vc/pkg/didcomm/transport/http_handler.go:30.65,31.30 1 0
vc/pkg/didcomm/transport/http_handler.go:31.30,33.3 1 0
vc/pkg/didcomm/transport/http_handler.go:37.89,46.27 2 5
vc/pkg/didcomm/transport/http_handler.go:46.27,48.3 1 0
vc/pkg/didcomm/transport/http_handler.go:49.2,49.10 1 5
vc/pkg/didcomm/transport/http_handler.go:53.73,54.33 1 5
vc/pkg/didcomm/transport/http_handler.go:54.33,57.3 2 1
vc/pkg/didcomm/transport/http_handler.go:59.2,60.42 2 4
vc/pkg/didcomm/transport/http_handler.go:60.42,63.3 2 1
vc/pkg/didcomm/transport/http_handler.go:65.2,66.16 2 3
vc/pkg/didcomm/transport/http_handler.go:66.16,69.3 2 0
vc/pkg/didcomm/transport/http_handler.go:70.2,72.20 2 3
vc/pkg/didcomm/transport/http_handler.go:72.20,75.3 2 1
vc/pkg/didcomm/transport/http_handler.go:78.2,79.16 2 2
vc/pkg/didcomm/transport/http_handler.go:79.16,83.3 2 0
vc/pkg/didcomm/transport/http_handler.go:86.2,86.21 1 2
vc/pkg/didcomm/transport/http_handler.go:86.21,89.3 2 1
vc/pkg/didcomm/transport/http_handler.go:92.2,94.19 3 1
vc/pkg/didcomm/transport/http_handler.go:98.69,101.55 2 4
vc/pkg/didcomm/transport/http_handler.go:101.55,103.3 1 0
vc/pkg/didcomm/transport/http_handler.go:105.2,105.41 1 4
vc/pkg/didcomm/transport/http_handler.go:105.41,106.43 1 6
vc/pkg/didcomm/transport/http_handler.go:106.43,108.4 1 3
vc/pkg/didcomm/transport/http_handler.go:110.2,110.14 1 1
