{
    "data": {
        "meta": {
            "authentic_source": "SUNET",
            "scope": "ehic",
            "document_id": "test_document_id"
        },
        "document_data": {
            "personal_administrative_number": "123123123",
	        "issuing_authority": {
		        "id": "1231231",
		        "name": "SUNET"
	        },
        	"issuing_country": "SE",
        	"date_of_expiry": "2038-01-19",
        	"date_of_issuance": "2021-01-19",
        	"document_number": "123123123"
        }
    }
}